[
  "5f5fc2ccdb202a535bc7916e96975065/attachments/6f83e09feadf2b32",
  "5f5fc2ccdb202a535bc7916e96975065/attachments/e7fe362de277efe",
  "5f5fc2ccdb202a535bc7916e96975065/note.json",
  "180731626e4a98dbd4572f40616d0e48/note.json",
  "8cdec46ac63a3e0f7ddcccc3a7ff1d68/note.json",
  "6b7b3a0c66a667aa94bc4044f3820b91/note.json",
  "10020329964eeba372c9381b1cfeec88/note.json",
  "1e5b3d1f3fc4f5429102d618f532bd17/note.json",
  "49400b7facb3cccc54bf58253273dc0b/attachments/986a32ca93f8fb6e",
  "49400b7facb3cccc54bf58253273dc0b/note.json",
  "1a0d4c46b2e3693c2d6905064d8464e5/note.json",
  "282f0339cbbbd3e3853d63d9d00c925a/note.json",
  "44915a14242fa815906db38b9a3c5d11/note.json",
  "a7686d70d003fb7ace9b34c011c5886c/attachments/b0d5c7b3a1fb1c04",
  "a7686d70d003fb7ace9b34c011c5886c/note.json",
  "6eafacb6d0837eb5928d952e4352ac00/note.json",
  "78e14079a6b1096b1221f235686dd92f/attachments/4f6544c889080dec",
  "78e14079a6b1096b1221f235686dd92f/attachments/90c8f0b0b6f9fb53",
  "78e14079a6b1096b1221f235686dd92f/note.json",
  "89ed60d29aeaf756823ce25cc45719d9/note.json",
  "9371d695f3d632942b51d92553584667/note.json",
  "3a1d9fa29584070a101d276c43221048/note.json",
  "b1e34c7ad6face8c874efc9a52b2a893/note.json",
  "b0b41bf9affbc671a545968d97d3a5ae/note.json",
  "44b292be8ba2ede27aa912c5f0fc8062/note.json",
  "510e730dde29dc65243258ed984e0c1a/note.json",
  "1a9b69322ffdcd42d5a823459758be58/note.json",
  "7e77fab997a1de6869d98105b889f777/note.json",
  "b1661d8d49cee6c166c16467aa076caa/note.json",
  "7322fa6fdc60f4e8f6d33f84a884667f/note.json",
  "ffd5f7c90fb1cf5cf7676aea32f0637a/note.json",
  "4b9b9652cf7c303f19630da07cd21e7c/attachments/7dac9b0982dc0f14",
  "4b9b9652cf7c303f19630da07cd21e7c/note.json",
  "17c06a27c3f34bdc23c717b9d7bda507/note.json",
  "a1974cc63f946fe893279776d326c31b/note.json",
  "f79a1700f26ef46e99b27c7dadf46ad4/note.json",
  "9cfb1021206505ab113a5f6f52a12ec9/attachments/803faeb332cd4e6d",
  "9cfb1021206505ab113a5f6f52a12ec9/note.json",
  "38d02ffa1d0fc85dc1deaec847bcefbe/attachments/8e4eece4301391f1",
  "38d02ffa1d0fc85dc1deaec847bcefbe/note.json",
  "d5b94b57a769a1dd91dae000b835718a/note.json",
  "3304fe02c914902e65858b31e9bf108b/note.json",
  "7c56681853d8762b0b4c5ed46228f438/note.json",
  "dc0c0070229e3046061c4b3d51b269f7/note.json",
  "389876197f2bd13a85a48b23283dafb4/note.json",
  "45415cfcdb89d6d97351805708ea3220/note.json",
  "f35762e56778a3c10af11f4b7efbb1a3/note.json",
  "44ce8dbd49b5f09b2efc7ca418a7ec54/note.json",
  "901b43813ef80dfb9a0cabdbaee56f1f/note.json",
  "f9e0faac5259a49af4aeebcdb43bc15d/note.json",
  "758b3f39a2b0325f22056cf1ead33721/note.json",
  "a511911d155b1b820059ada1cc9d7726/note.json",
  "e28711f27b622e7f76b75de9e5069bf7/note.json",
  "dd29c9b44d3dbdb347799ddcf3a86388/note.json",
  "35992bec18bc5bb274a9ce8338546e3f/note.json",
  "6ec74113db238b91b3b9a2e90c63c9dd/note.json",
  "aa871764d7eb08f1e306728a89bcda3c/note.json",
  "9b8571bbf0827c307a66c3d4c9d00825/note.json",
  "05230747fea3e692f192775e27f3dbcb/attachments/9aa3f86a172ac999",
  "05230747fea3e692f192775e27f3dbcb/note.json",
  "20b57c5d4c260d9676c5d996fe5a1579/note.json",
  "8e258d94a6b04bad5983b93c951d7c43/note.json",
  "9404be1f42f94473d607f0f77c525b7e/note.json",
  "fc0191f576c6e02f25577a37ee60e7cf/attachments/27c82b9acf680c25",
  "fc0191f576c6e02f25577a37ee60e7cf/note.json",
  "8c4107c74329adb445c61b967ed05691/attachments/9aa3f86a172ac999",
  "8c4107c74329adb445c61b967ed05691/note.json",
  "b5fc92a5267f34dcbf9d511dec44f86d/attachments/9aa3f86a172ac999",
  "b5fc92a5267f34dcbf9d511dec44f86d/note.json",
  "4f3f609f042ba96919b72039df686dca/note.json",
  "720a0baaa1ad55720255675b161b7752/attachments/9aa3f86a172ac999",
  "720a0baaa1ad55720255675b161b7752/note.json",
  "76199e1dcbf869abd897914b94375fd2/note.json",
  "1c3b5c944fbf99df589fd6301b67cc90/note.json",
  "0ad0225bcfbdb48705ef1ab7a7431839/note.json",
  "88977b2c59175c49c763d0ac447ec59f/note.json",
  "b7bb87beb41ef4edfeea6d8b55a5a6f2/note.json",
  "0e80e9e118dffdf2a07dcae4f5b50290/note.json",
  "8b6a455d654360cf8c14a39c1493c683/note.json",
  "55c364e5433e405a65bba2bed54de7f9/note.json",
  "6bc6811b9c07fe77364aba7c8c10a9d2/note.json",
  "40218647dc61bc0bd40e1c1eea92c681/note.json",
  "637f5e11263099fa53dd61e165f17849/note.json",
  "bd5f4475fb57dad66925bd4c4ba66680/attachments/12d4f87f996331cb",
  "bd5f4475fb57dad66925bd4c4ba66680/note.json",
  "ceb4ab8d4b5d63c9ea95d230b551df5b/attachments/12d4f87f996331cb",
  "ceb4ab8d4b5d63c9ea95d230b551df5b/attachments/55483e4836b94940",
  "ceb4ab8d4b5d63c9ea95d230b551df5b/attachments/34a8225c13fbfad5",
  "ceb4ab8d4b5d63c9ea95d230b551df5b/note.json",
  "827c6c57fc390778e6c266c550de6d36/attachments/12d4f87f996331cb",
  "827c6c57fc390778e6c266c550de6d36/note.json",
  "dd24ea8c4f957096e2446deb5283e76f/note.json",
  "0d988c98af7161101bb4bf2f5b27d381/note.json",
  "b8d16ebfde3c1f7642e5308003578d14/note.json",
  "0496c168837c7e4eca0a761f56156f58/attachments/12d4f87f996331cb",
  "0496c168837c7e4eca0a761f56156f58/note.json",
  "145ddec7ff7ff6bd0f045d982e607a4c/attachments/76f389b0ffe10810",
  "145ddec7ff7ff6bd0f045d982e607a4c/note.json",
  "cbfc54d4ada0f208d6a75a904c2fb9d9/note.json",
  "856b6d3b25708e1e45686cd515dda1fd/attachments/1c887a34c1e59f54",
  "856b6d3b25708e1e45686cd515dda1fd/note.json",
  "3db7fc1e02aaafe9e69bfef1b8fde39e/attachments/3db3c5d6b47f54c7",
  "3db7fc1e02aaafe9e69bfef1b8fde39e/note.json",
  "1a4543443d9a86742e4dae8725ff117e/attachments/811ab28c7c7450b8",
  "1a4543443d9a86742e4dae8725ff117e/note.json",
  "7f82347bfddf4124012fb8585bb5341c/attachments/7d94ea3bf94ddece",
  "7f82347bfddf4124012fb8585bb5341c/note.json",
  "08fd208cec330089b89a8356ca014ed2/note.json",
  "a1867016f5379e8fe99ead4fb325435a/attachments/90dd89a7389b511a",
  "a1867016f5379e8fe99ead4fb325435a/attachments/4e418f0d69cf49fa",
  "a1867016f5379e8fe99ead4fb325435a/attachments/95fba3b27c0ce1a1",
  "a1867016f5379e8fe99ead4fb325435a/attachments/6c7fb785422bbd10",
  "a1867016f5379e8fe99ead4fb325435a/attachments/2c3f83fccfa8d6b1",
  "a1867016f5379e8fe99ead4fb325435a/attachments/7961a0549c75354a",
  "a1867016f5379e8fe99ead4fb325435a/attachments/89c52cd4a5b78f62",
  "a1867016f5379e8fe99ead4fb325435a/attachments/8031475340495d7e",
  "a1867016f5379e8fe99ead4fb325435a/note.json",
  "bf21f28730f0837ef94c4332664465b4/attachments/12d4f87f996331cb",
  "bf21f28730f0837ef94c4332664465b4/note.json",
  "b71e4492f5b703717e06b747f07e3cdf/attachments/12d4f87f996331cb",
  "b71e4492f5b703717e06b747f07e3cdf/note.json",
  "a6fbf24f992e9dbf5c97ec4323c50dbc/note.json",
  "metadata.json"
]