[
  {
    "title": "New page",
    "dateCreated": 1681984875,
    "dateEdited": 1681993585,
    "tags": [],
    "favorite": false,
    "attachments": [],
    "notebooks": [],
    "content": {
      "type": "html",
      "data": "<p style=\"text-align:left;\"><br></p>"
    }
  },
  {
    "title": "MY PAGE",
    "dateCreated": 1680458970,
    "dateEdited": 1680458993,
    "tags": [
      "todo",
      "something",
      "world of life"
    ],
    "favorite": false,
    "attachments": [],
    "notebooks": [
      {
        "title": "My Notes",
        "children": []
      }
    ],
    "content": {
      "type": "html",
      "data": "<p style=\"text-align:left;\">I am here or there.</p><p\n style=\"text-align:left;\"><br></p>"
    }
  },
  {
    "title": "Web Clipper that works! The best clipper extension for Chrome, Firefox and Safari - FuseBase (Formerly Nimbus)",
    "dateCreated": 1725594878,
    "dateEdited": 1725595407,
    "tags": [
      "nimbusweb"
    ],
    "favorite": false,
    "attachments": [
      {
        "filename": "web-clipper-that-works!-the-best-clipper-extension-for-chrome,-firefox-and-safari---fusebase-(formerly-nimbus).clip",
        "size": 320769,
        "hash": "6285c415ddd569c2",
        "hashType": "xxh64",
        "mime": "application/vnd.notesnook.web-clip"
      }
    ],
    "notebooks": [
      {
        "title": "My Notes",
        "children": []
      }
    ],
    "content": {
      "type": "html",
      "data": "<p style=\"text-align:left;\">fbvasdblhjkvbasdv</p><p\n style=\"text-align:left;\">asdvjkhasdbvasd</p><p\n style=\"text-align:left;\">vasdkjvbasdkjv</p><p\n style=\"text-align:left;\">asdvjkasdbv</p><iframe\n class=\"web-clip\"\n data-filename=\"web-clipper-that-works!-the-best-clipper-extension-for-chrome,-firefox-and-safari---fusebase-(formerly-nimbus).clip\"\n data-size=\"320769\" data-hash=\"6285c415ddd569c2\"\n data-mime=\"application/vnd.notesnook.web-clip\"\n src=\"https://nimbusweb.me/clipper/\"\n title=\"Web Clipper that works! The best clipper extension for Chrome, Firefox and Safari - FuseBase (Formerly Nimbus)\">\n</iframe><p style=\"text-align:left;\">adsfvasdv</p><p\n style=\"text-align:left;\">asdvasd</p><p\n style=\"text-align:left;\">vasd</p>"
    }
  },
  {
    "title": "New page",
    "dateCreated": 1681984875,
    "dateEdited": 1681993585,
    "tags": [],
    "favorite": false,
    "attachments": [],
    "notebooks": [],
    "content": {
      "type": "html",
      "data": "<p style=\"text-align:left;\"><br></p>"
    }
  },
  {
    "title": "Hello",
    "dateCreated": 1628849065,
    "dateEdited": 1628849109,
    "tags": [],
    "favorite": false,
    "attachments": [
      {
        "filename": "hello.clip",
        "size": 32,
        "hash": "210bde0f8cc67b44",
        "hashType": "xxh64",
        "mime": "application/vnd.notesnook.web-clip"
      }
    ],
    "notebooks": [
      {
        "title": "My Notes",
        "children": []
      }
    ],
    "content": {
      "type": "html",
      "data": "<p style=\"text-align:left;\"><br></p><iframe class=\"web-clip\"\n data-filename=\"hello.clip\" data-size=\"32\"\n data-hash=\"210bde0f8cc67b44\"\n data-mime=\"application/vnd.notesnook.web-clip\" src\n title=\"Hello\"> </iframe><ul class=\"checklist\"><li\n  class=\"checked\"><p>Bb </p></li><li class><p>Nnn</p></li><li\n  class=\"checked\"><p>N</p></li><li class><br></li></ul><p\n style=\"text-align:left;\"><br></p>"
    }
  },
  {
    "title": "üò∂ üòê Introducing Notesnook Copy",
    "dateCreated": 1646979387,
    "dateEdited": 1654654385,
    "tags": [],
    "favorite": false,
    "attachments": [],
    "notebooks": [
      {
        "title": "My Notes",
        "children": []
      }
    ],
    "content": {
      "type": "html",
      "data": "<p style=\"text-align:left;\">Introducing Notesnook</p><ul\n class=\"checklist\"><li class><strong>bsdf</strong></li><li\n  class><strong>b</strong></li><li class><strong>sdf</strong></li><li\n  class><strong>bsdf</strong></li><li class><strong>b</strong></li><li\n  class=\"checked\"><strong>sfd</strong></li><li\n  class=\"checked\"><strong>b</strong></li><li class=\"checked\"><p>fds</p></li></ul><ul\n class=\"checklist\"><li class><strong>bf</strong></li><li\n  class><strong>sdbfd</strong></li></ul><p\n style=\"text-align:left;\"><br></p><p\n style=\"text-align:left;\"><br></p><ul class=\"checklist\"><li\n  class><strong>fdlkjbndfsdfs</strong></li></ul>"
    }
  },
  {
    "title": "To-Do list Copy",
    "dateCreated": 1646979353,
    "dateEdited": 1680459001,
    "tags": [
      "todo",
      "hope",
      "it might work"
    ],
    "favorite": false,
    "attachments": [],
    "notebooks": [
      {
        "title": "My Notes",
        "children": []
      }
    ],
    "content": {
      "type": "html",
      "data": "<p style=\"text-align:left;\"><br></p>"
    }
  },
  {
    "title": "New page",
    "dateCreated": 1681984876,
    "dateEdited": 1681993585,
    "tags": [],
    "favorite": false,
    "attachments": [],
    "notebooks": [],
    "content": {
      "type": "html",
      "data": "<p style=\"text-align:left;\"><br></p>"
    }
  },
  {
    "title": "New page",
    "dateCreated": 1681984876,
    "dateEdited": 1681993585,
    "tags": [],
    "favorite": false,
    "attachments": [],
    "notebooks": [],
    "content": {
      "type": "html",
      "data": "<p style=\"text-align:left;\"><br></p>"
    }
  },
  {
    "title": "My Notes",
    "dateCreated": 1628848537,
    "dateEdited": 1630861460,
    "tags": [],
    "favorite": false,
    "attachments": [],
    "notebooks": [],
    "content": {
      "type": "html",
      "data": "<p style=\"text-align:left;\"><br></p>"
    }
  },
  {
    "title": "To-Do list",
    "dateCreated": 1645207595,
    "dateEdited": 1645207596,
    "tags": [
      "todo"
    ],
    "favorite": false,
    "attachments": [],
    "notebooks": [
      {
        "title": "My Notes",
        "children": []
      }
    ],
    "content": {
      "type": "html",
      "data": "<p style=\"text-align:left;\"><br></p>"
    }
  },
  {
    "title": "Unnamed page",
    "dateCreated": 1645207584,
    "dateEdited": 1645207584,
    "tags": [],
    "favorite": false,
    "attachments": [],
    "notebooks": [
      {
        "title": "My Notes",
        "children": []
      }
    ],
    "content": {
      "type": "html",
      "data": "<p style=\"text-align:left;\"><br></p>"
    }
  },
  {
    "title": "ü§ì My new page",
    "dateCreated": 1705131927,
    "dateEdited": 1725596864,
    "tags": [],
    "color": "orange",
    "favorite": true,
    "attachments": [
      {
        "filename": "index-v1-a1.m3u8",
        "size": 150970,
        "hash": "5c497d78db859545",
        "hashType": "xxh64",
        "mime": "application/vnd.apple.mpegurl"
      },
      {
        "filename": "js-ecosystem.png",
        "size": 89168,
        "hash": "49bd3a563e245158",
        "hashType": "xxh64",
        "mime": "image/png",
        "height": 327,
        "width": 1478
      },
      {
        "filename": "Audio_Record_2024_9_6_9_27.mp3",
        "size": 86469,
        "hash": "ae57ce6159ae7f91",
        "hashType": "xxh64",
        "mime": "audio/mpeg"
      }
    ],
    "notebooks": [
      {
        "title": "My Notes",
        "children": [
          {
            "title": "yyy",
            "children": []
          }
        ]
      }
    ],
    "content": {
      "type": "html",
      "data": "<p style=\"text-align:left;\">Some thing new is happening</p><ul\n class=\"checklist\"><li class><p>jkvbkavasd</p></li><li class><p>vasdkv\n   ajsdv</p></li><li class><p>asdvk asdvjasd</p><ul\n   class=\"checklist\"><li class><p>dkjsvkjasdv</p></li><li\n    class><p>asdvasdv</p></li></ul></li><li class><p>sadvaskdjvbasd</p></li></ul><p\n style=\"text-align:left;\">vhj</p><p style=\"text-align:left;\">n\n hj</p><p style=\"text-align:left;\">n hj</p><p\n style=\"text-align:left;\">#hello kdsb #world</p><h1\n class=\"nedit-heading editable-text paragraph indent-0\"\n id=\"b1603274106_280\" style=\"text-align:left;\">evkdsjvbsd</h1><p\n style=\"text-align:left;\">sdvjksbdkjvsd</p><p\n style=\"text-align:left;\">sdkvksdvb</p><a\n href=\"https://google.com\" target=\"_blank\"><b>My name</b></a><p\n style=\"text-align:left;\"><span>1/14/2024</span> </p><p\n style=\"text-align:left;\"><br></p><span class=\"attachment\"\n data-filename=\"index-v1-a1.m3u8\" data-size=\"150970\"\n data-hash=\"5c497d78db859545\"\n data-mime=\"application/vnd.apple.mpegurl\"\n contenteditable=\"false\" title=\"index-v1-a1.m3u8\">\n <em>&#xa0;</em>\n <span class=\"filename\">index-v1-a1.m3u8</span>\n</span><table class=\"table-component\"><thead\n  style=\"--htop:0px;\" data-htop=\"0\"><tr><th\n    class=\"table-head-item\" data-index=\"0\" width=\"180\"><p>A</p></th><th\n    class=\"table-head-item\" data-index=\"1\" width=\"180\"><p>B</p></th><th\n    class=\"table-head-item\" data-index=\"2\" width=\"180\"><p>C</p></th></tr></thead><tbody\n  class><span></span><tr height=\"36\"><td><p>kjsdjkvdbs\n    </p></td><td><p>sdjvkbdskj\n    </p></td><td><p>dsvkjdsbvj\n    </p></td></tr><tr height=\"36\"><td></td><td></td><td></td></tr></tbody></table><div\n class=\"callout\" data-callout-type=\"info\"><h3>jkbjkvasd</h3><p\n  style=\"text-align:left;\">vasvkjasdjkvasd</p><p\n  style=\"text-align:left;\">vasjkvasjdv</p><p\n  style=\"text-align:left;\"><br></p><p\n  style=\"text-align:left;\">asdvkjasdvjasdv</p><p\n  style=\"text-align:left;\"><br></p><p\n  style=\"text-align:left;\">sdkjv</p><p\n  style=\"text-align:left;\"><br></p><p\n  style=\"text-align:left;\"><br></p></div><p\n style=\"text-align:left;\"><br></p><p\n style=\"text-align:left;\">sdjkvsadv</p><p\n style=\"text-align:left;\"><br></p><div class=\"grid-wrapper\"><p\n  style=\"text-align:left;\"> dkvsjkjdsavbjksdav </p><p\n  style=\"text-align:left;\">dsakvajskdvbkjasdbvsad</p><p\n  style=\"text-align:left;\">vjsadvbjkasdv</p><p\n  style=\"text-align:left;\">sadv</p><p\n  style=\"text-align:left;\">kjdasvjkasdvbsadv</p><p\n  style=\"text-align:left;\">asdvjkbasdjkvsadv</p></div><img\n class=\"attachment\" data-filename=\"js-ecosystem.png\"\n data-size=\"89168\" data-hash=\"49bd3a563e245158\"\n data-mime=\"image/png\" width=\"1478\" height=\"327\"\n alt=\"js-ecosystem.png\"><pre class=\"lang-javascript\"><code>function google() {\n\tmy name is\n}</code></pre><p style=\"text-align:left;\"><br></p><div\n class=\"callout\" data-callout-type=\"hint\"><h3></h3><p>bvdkjasdv<br\n   class=\"separator\">asdvjaksdvkjasdv</p></div><p\n style=\"text-align:left;\"><br></p><p\n style=\"text-align:left;\"><code>sdvkjasbdv</code> </p><p\n style=\"text-align:left;\"><br></p><blockquote\n class=\"editable-text paragraph indent-0 blockquote\"\n style=\"text-align:left;\">k kj j</blockquote><p\n style=\"text-align:left;\">k k</p><p style=\"text-align:left;\"><br></p><p\n style=\"text-align:left;\"><br></p><hr><p\n style=\"text-align:left;\"><br></p><ol><li class><p>heloo</p></li><li\n  class><p>what</p></li><li class><p>are you</p></li><li\n  class><p>doing</p><ol><li class><p>asdvasdvasd</p></li><li\n    class><p>asdvasdv</p></li></ol></li><li class><p>asdvasdv</p></li></ol><p\n style=\"text-align:left;\"><br></p><ul><li class><p>kjvbasv</p></li><li\n  class><p>asdvasdv</p><ul><li class><p>asdv</p></li><li\n    class><p>asdvasdv</p></li><li class><p>asdv</p></li></ul></li><li\n  class><p>sadvasdvasd</p></li></ul><p\n style=\"text-align:left;\">asdvasdv</p><p\n style=\"text-align:left;\"><br></p><ol><li class><p>dfavsdvASDvasd</p></li><li\n  class><p>v</p></li><li class><p>asdv</p></li></ol><p\n style=\"text-align:left;\"><br></p><div class=\"callout\"\n data-callout-type=\"info\"><h3>Step 1</h3><p\n  style=\"text-align:left;\">I am a step 1</p><p\n  style=\"text-align:left;\">Something awesome</p></div><div\n class=\"callout\" data-callout-type=\"info\"><h3>Step 2</h3><p\n  style=\"text-align:left;\">Something awesome</p></div><div\n class=\"callout\" data-callout-type=\"info\"><h3>Step 3</h3><p\n  style=\"text-align:left;\">Something awesome</p></div><p\n style=\"text-align:left;\"> </p><p style=\"text-align:left;\"><br></p><span\n class=\"attachment\"\n data-filename=\"Audio_Record_2024_9_6_9_27.mp3\"\n data-size=\"86469\" data-hash=\"ae57ce6159ae7f91\"\n data-mime=\"audio/mpeg\" contenteditable=\"false\"\n title=\"Audio_Record_2024_9_6_9_27.mp3\">\n <em>&#xa0;</em>\n <span class=\"filename\">Audio_Record_2024_9_6_9_27.mp3</span>\n</span><p style=\"text-align:left;\"><br></p>"
    }
  },
  {
    "title": "Hfhfhth Gdhehrj H4htutu Rhrhth...",
    "dateCreated": 1663317914,
    "dateEdited": 1663318027,
    "tags": [],
    "favorite": false,
    "attachments": [],
    "notebooks": [
      {
        "title": "My Notes",
        "children": []
      }
    ],
    "content": {
      "type": "html",
      "data": "<p style=\"text-align:left;\">Hfhfhth</p><p\n style=\"text-align:left;\">Gdhehrj</p><p\n style=\"text-align:left;\">H4htutu</p><p\n style=\"text-align:left;\">Rhrhth</p><p\n style=\"text-align:left;\">Rhhrhr</p><p\n style=\"text-align:left;\">Ururru</p><p\n style=\"text-align:left;\">Jrjrrj</p><p\n style=\"text-align:left;\">Jfjfjfjt</p><p\n style=\"text-align:left;\">Djdjdjjd</p><p\n style=\"text-align:left;\">Jfjfj</p><p\n style=\"text-align:left;\">Fjfjj</p>"
    }
  },
  {
    "title": "yyy",
    "dateCreated": 1645207652,
    "dateEdited": 1649961699,
    "tags": [],
    "favorite": false,
    "attachments": [],
    "notebooks": [
      {
        "title": "My Notes",
        "children": []
      }
    ],
    "content": {
      "type": "html",
      "data": "<p style=\"text-align:left;\"><br></p>"
    }
  },
  {
    "title": "Note with image 25-Sep-2021 08:53 am",
    "dateCreated": 1632542007,
    "dateEdited": 1725512865,
    "tags": [],
    "favorite": false,
    "attachments": [],
    "notebooks": [
      {
        "title": "My Notes",
        "children": []
      }
    ],
    "content": {
      "type": "html",
      "data": "<p style=\"text-align:left;\"><a\n  href=\"nn://note/000000000000000000000000\">While passing by\n  the lane, we ...</a> Kfjdr</p><p style=\"text-align:left;\">Rffnf\n <span>9/27/2021 08:56</span> </p><p><strong>Title:</strong>\n Google</p>\n<p><strong>URL:</strong> <a href=\"Https://Google.com\">Https://Google.com</a></p>\n<p><strong>Description:</strong> Search the world&apos;s\n information, including webpages, images, videos and more.\n Google has many special features to help you find exactly\n what you&apos;re looking for.</p>\n<hr><p style=\"text-align:left;\"><a href=\"https://hello.com\"\n  target=\"_blank\" rel=\"nofollow noopener\">hello.com</a>\n dhhdf </p><pre class=\"lang-javascript\"><code>function hello(hello){}</code></pre><hr><blockquote\n class=\"editable-text paragraph indent-0 blockquote\"\n style=\"text-align:left;\">Hdhdh</blockquote><h3\n class=\"nedit-heading editable-text paragraph indent-0\"\n id=\"b3439281202_200\" style=\"text-align:left;\">Hehehehe</h3><p\n style=\"text-align:left;\">Fnfnnfnfc? G</p><p\n style=\"text-align:left;\"><br></p><p\n style=\"text-align:left;\">G</p><p style=\"text-align:left;\">V</p><p\n style=\"text-align:left;\">G</p><p style=\"text-align:left;\">G</p><p\n style=\"text-align:left;\">G</p><p style=\"text-align:left;\"><br></p><p\n style=\"text-align:left;\">G</p><p style=\"text-align:left;\"><br></p><p\n style=\"text-align:left;\">G</p><p style=\"text-align:left;\">G</p><p\n style=\"text-align:left;\">G</p><h1\n class=\"nedit-heading editable-text paragraph indent-0\"\n id=\"b3439281202_227\" style=\"text-align:left;\">Ndndjdjd</h1><p\n style=\"text-align:left;\"><br></p>"
    }
  },
  {
    "title": "New page",
    "dateCreated": 1681984877,
    "dateEdited": 1681993585,
    "tags": [],
    "favorite": false,
    "attachments": [],
    "notebooks": [],
    "content": {
      "type": "html",
      "data": "<p style=\"text-align:left;\"><br></p>"
    }
  },
  {
    "title": "Document page ",
    "dateCreated": 1645207891,
    "dateEdited": 1645207891,
    "tags": [
      "document"
    ],
    "favorite": false,
    "attachments": [],
    "notebooks": [
      {
        "title": "My Notes",
        "children": []
      }
    ],
    "content": {
      "type": "html",
      "data": "<p style=\"text-align:left;\"><br></p>"
    }
  },
  {
    "title": "./yt-dlp -f mpd-4 https://ok.r...",
    "dateCreated": 1635557964,
    "dateEdited": 1635709609,
    "tags": [],
    "favorite": false,
    "attachments": [],
    "notebooks": [
      {
        "title": "My Notes",
        "children": []
      }
    ],
    "content": {
      "type": "html",
      "data": "<p style=\"text-align:left;\">./yt-dlp -f mpd-4\n https://ok.ru/video/1432620501633\n https://ok.ru/video/1433304107649 </p>"
    }
  },
  {
    "title": "Hello everyone I have been wor...",
    "dateCreated": 1628848982,
    "dateEdited": 1628849121,
    "tags": [],
    "favorite": false,
    "attachments": [],
    "notebooks": [
      {
        "title": "My Notes",
        "children": []
      }
    ],
    "content": {
      "type": "html",
      "data": "<p style=\"text-align:left;\">Hello everyone I have been\n working on the same host since last night and have been\n working on the same host since last night and have been\n working on the same host since last night and have been\n working on the same host since last night and have been\n working on the same host since last night and have been\n working on the same host since last night and have been\n working on the same host since last night and have been\n working on the same host since last night and have been\n working on the same host since last nigh</p><p\n style=\"text-align:left;\">nd have been working on the same\n host since last night and have been working on the same\n host since last night and have been working on the same\n host since last night and have been working on the same\n host since last night and have been working on the same\n host since last night and have been working on the <a\n  href=\"https://ggg\" target=\"_blank\" rel=\"nofollow noopener\">same\n  host since last nigh</a></p><p style=\"text-align:left;\"><br></p><p\n style=\"text-align:left;\"><br></p>"
    }
  },
  {
    "title": "Incorporation Certificate  Mem...",
    "dateCreated": 1635577071,
    "dateEdited": 1635656789,
    "tags": [],
    "favorite": false,
    "attachments": [],
    "notebooks": [
      {
        "title": "My Notes",
        "children": []
      }
    ],
    "content": {
      "type": "html",
      "data": "<p style=\"text-align:left;\">Incorporation Certificate </p><p\n style=\"text-align:left;\">Memorandum And Article of\n Association</p><p style=\"text-align:left;\">Form 29</p><p\n style=\"text-align:left;\"><br></p>"
    }
  },
  {
    "title": "I45u H4htjtjt Fhhfhfhrhrbr   D...",
    "dateCreated": 1663318030,
    "dateEdited": 1675515323,
    "tags": [],
    "favorite": false,
    "attachments": [],
    "notebooks": [
      {
        "title": "My Notes",
        "children": []
      }
    ],
    "content": {
      "type": "html",
      "data": "<p style=\"text-align:left;\">I45u</p><p\n style=\"text-align:left;\">H4htjtjt</p><p\n style=\"text-align:left;\">Fhhfhfhrhrbr</p><p\n style=\"text-align:left;\"><br></p><p\n style=\"text-align:left;\">Dndnfnnf</p><p\n style=\"text-align:left;\">Tff</p><p style=\"text-align:left;\">Jjfjfjjf</p><p\n style=\"text-align:left;\">Hyy</p><p style=\"text-align:left;\">Chhfhf</p><p\n style=\"text-align:left;\">Yyyy</p><p\n style=\"text-align:left;\">Hthtjt.</p><p\n style=\"text-align:left;\">Gyy</p><p style=\"text-align:left;\">hffhbffhh</p><p\n style=\"text-align:left;\">Gggg</p><p\n style=\"text-align:left;\">Ttjtjtjhhf</p><p\n style=\"text-align:left;\">Hffhhf</p><p\n style=\"text-align:left;\">Dghdhd</p><p\n style=\"text-align:left;\">Xbfbd</p><p\n style=\"text-align:left;\">Hffjfjt</p><p\n style=\"text-align:left;\">Hffjjfj</p><p\n style=\"text-align:left;\">Fjfjrj</p><p\n style=\"text-align:left;\">Dbfbfb</p><p\n style=\"text-align:left;\">Fhhffh</p><p\n style=\"text-align:left;\">Fjfjjfj</p><p\n style=\"text-align:left;\">Fjfjfj</p><p\n style=\"text-align:left;\">Fjjffj</p><p\n style=\"text-align:left;\">Jffjj</p><p\n style=\"text-align:left;\">Vvg</p><p style=\"text-align:left;\">Cff</p><p\n style=\"text-align:left;\">Ccc</p><p style=\"text-align:left;\">Vvv</p><p\n style=\"text-align:left;\">Hehhddh</p>"
    }
  },
  {
    "id": "000000000000000000000000",
    "title": "While passing by the lane, we ...",
    "dateCreated": 1629129642,
    "dateEdited": 1725533160,
    "tags": [],
    "favorite": false,
    "attachments": [],
    "notebooks": [
      {
        "title": "My Notes",
        "children": []
      }
    ],
    "content": {
      "type": "html",
      "data": "<p style=\"text-align:left;\">While passing by the lane, we\n saw a man by a stand,</p><p style=\"text-align:left;\">Holding\n a shattered mirror in his trembling hands;</p><p\n style=\"text-align:left;\">His eyes were lamenting the future\n of this land,</p><p style=\"text-align:left;\">While dry lips\n were uttering the battles of the past,</p><p\n style=\"text-align:left;\">How this land was shaped after\n many sacrifices,</p><p style=\"text-align:left;\">And how\n it&apos;s dying with each minute as it passes.</p><p\n style=\"text-align:left;\">The mirror was reflecting the\n state of our motherland,</p><p style=\"text-align:left;\">Destroyed\n and corrupted in our youthful hands.</p><p\n style=\"text-align:left;\">I went up to him, tears in my\n shameful eyes,</p><p style=\"text-align:left;\"><br></p><p\n style=\"text-align:left;\">Tried to help by connecting the\n bits of the remains,</p><p style=\"text-align:left;\">With\n each piece united, our soul filled with new aims,</p><p\n style=\"text-align:left;\">With the wish of a better fate, we\n secured it with a frame.</p><p style=\"text-align:left;\">After\n fixing the mirror, we saw us with them holding hands,</p><p\n style=\"text-align:left;\">They were guarding us with their\n tenderness and prayers,</p><p style=\"text-align:left;\">And\n commanding us to be the promising future of this state.</p>"
    }
  },
  {
    "title": "üò∂ üòê Introducing Notesnook",
    "dateCreated": 1637901820,
    "dateEdited": 1645207457,
    "tags": [],
    "favorite": false,
    "attachments": [],
    "notebooks": [
      {
        "title": "My Notes",
        "children": []
      }
    ],
    "content": {
      "type": "html",
      "data": "<p style=\"text-align:left;\">Introducing Notesnook</p><ul\n class=\"checklist\"><li class><strong>bsdf</strong></li><li\n  class><strong>b</strong></li><li class><strong>sdf</strong></li><li\n  class><strong>bsdf</strong></li><li class><strong>b</strong></li><li\n  class=\"checked\"><strong>sfd</strong></li><li\n  class=\"checked\"><strong>b</strong></li><li class=\"checked\"><p>fds</p></li><li\n  class><strong>bf</strong></li><li class><strong>sdbfd</strong></li></ul><p\n style=\"text-align:left;\"><br></p><p\n style=\"text-align:left;\"><br></p><ul class=\"checklist\"><li\n  class><strong>fdlkjbndfsdfs</strong></li></ul>"
    }
  }
]