[
  "42b1b817743d0a0504da7cede285b9d2/note.json",
  "9f94df6539af9d09e7c530225ae32aeb/note.json",
  "a6d07940e0812a201679407ac9f96441/attachments/6285c415ddd569c2",
  "a6d07940e0812a201679407ac9f96441/note.json",
  "30d3daff387e40ccf30efba79c84e482/attachments/210bde0f8cc67b44",
  "30d3daff387e40ccf30efba79c84e482/note.json",
  "e0c9fdfb5890e73dffbfd0f6372efb72/note.json",
  "738c228ce42e9cf1865c9f1c7719d170/note.json",
  "ad91271943260244770bc295c07e19cf/note.json",
  "86201a2fc190129516d731471baebe1e/note.json",
  "2c616e384aa606ab5e20be760baf80c7/note.json",
  "5602e8cbae93feaefaac44443bd000cd/note.json",
  "a8ddc0439f6bfc297ff78e0e0f522493/attachments/5c497d78db859545",
  "a8ddc0439f6bfc297ff78e0e0f522493/attachments/49bd3a563e245158",
  "a8ddc0439f6bfc297ff78e0e0f522493/attachments/ae57ce6159ae7f91",
  "a8ddc0439f6bfc297ff78e0e0f522493/note.json",
  "e97eed80d3fb5464dd0332fb193a51e8/note.json",
  "064e22a4763cf7c37b6620004f75cb2a/note.json",
  "e0e3bc042e54cd702f48f38c644657ac/note.json",
  "f8b40a0f89128b047c0bd8478788cd75/note.json",
  "eed91fc3e951954e231642a68b9af60b/note.json",
  "3573307917d2fdbab2fed044d9a80673/note.json",
  "81ee60eddfb588eb96959d3265f11fbf/note.json",
  "dade6001c0082c9d592033986274c6ce/note.json",
  "ef346ee031cfab8ec02bd52f6a6b4f7f/note.json",
  "2c46dacd34d1cbf6a35e433c9d21352c/note.json",
  "ba64b719b1065209508ee171dd5a544e/note.json"
]