[
  "b492136419943f0faa0336c2d2a76fb4/note.json",
  "metadata.json"
]