[
  "4b59d32f90c973e3be6f883694fd5711/attachments/8fe14c70981cfd4c",
  "4b59d32f90c973e3be6f883694fd5711/note.json",
  "b030c1f3717ee7ce12c35d929adc2dc5/note.json",
  "c4bb2674ab8b7e5440bfabb511eb2a7b/note.json",
  "a7c85bf2a9f395cf79d2dc880983f5ca/attachments/baad1467580b6e47",
  "a7c85bf2a9f395cf79d2dc880983f5ca/note.json",
  "9b8e8a4245acad7de879a048c3a54d2b/attachments/8fe14c70981cfd4c",
  "9b8e8a4245acad7de879a048c3a54d2b/attachments/2fa41ca1ef354f18",
  "9b8e8a4245acad7de879a048c3a54d2b/note.json",
  "35e6f75c80d7c838d30a92c9ecfc47ff/attachments/61a1e8ce92705420",
  "35e6f75c80d7c838d30a92c9ecfc47ff/note.json",
  "metadata.json"
]