[
  "47ab1d3dc36b063156d0c4954fe13994/note.json",
  "ff8f132a0d3eda117c18f378ed223e6e/note.json",
  "3e40dcb76dae18ce3947afdcde66f50e/attachments/891ec65d29e946d5",
  "3e40dcb76dae18ce3947afdcde66f50e/note.json",
  "14928fed62ea0053b4f16317588a0f30/note.json",
  "d118c6fabe1b26fdedbf67ce7fd26012/attachments/c52fdb48c0f1b106",
  "d118c6fabe1b26fdedbf67ce7fd26012/note.json",
  "3a140ee50d79697371d74f5990e60f48/attachments/891ec65d29e946d5",
  "3a140ee50d79697371d74f5990e60f48/note.json",
  "3e8773ae9d8c72ae6b64778d60f5080e/attachments/891ec65d29e946d5",
  "3e8773ae9d8c72ae6b64778d60f5080e/note.json",
  "7d39882e95c71f0fbe8dd15c90e8bc64/attachments/891ec65d29e946d5",
  "7d39882e95c71f0fbe8dd15c90e8bc64/note.json"
]