[
  "dd6a92bdacf959bacba404d2573df48b/note.json",
  "3d365a4a76af0a0c2241a8cb69b3d173/note.json",
  "a687a562e75e0336b3fded9776910185/attachments/9b4f090df6689fd0",
  "a687a562e75e0336b3fded9776910185/attachments/ac2425da6bde96b6",
  "a687a562e75e0336b3fded9776910185/attachments/8d9ac06c61601655",
  "a687a562e75e0336b3fded9776910185/note.json",
  "5bdac9a8506f40d0168682d58a77f375/attachments/76c48e9bf6629698",
  "5bdac9a8506f40d0168682d58a77f375/note.json",
  "bd6bcd05a8e739ce2ba55864d05b0192/note.json",
  "b360089bc87bbddfc8b479ea616d3609/note.json",
  "e9380eb2a6c0d956df1d427cf793f1a4/note.json",
  "006daa2f14e322498afdff8e9950c166/attachments/2c9f83c82d41d91e",
  "006daa2f14e322498afdff8e9950c166/note.json",
  "cbfdd510344fedce4813214e84c74cfc/attachments/427fcb0247323183",
  "cbfdd510344fedce4813214e84c74cfc/note.json",
  "metadata.json"
]