[
  "cb50ab9f788dbff5913918f3830ad94b/note.json",
  "8eda7653ddb6bad555ef1d404a7ed4bc/note.json",
  "f80891a661ac05e64344a26afdd7d003/note.json",
  "e28c95c060efe713d2d3bf6215378899/note.json",
  "441d2c4a0c53adce4e0932cf824d8669/note.json"
]