[
  {
    "title": "Another test page",
    "dateCreated": 1646305815828,
    "dateEdited": 1646306207000,
    "tags": [],
    "notebooks": [
      {
        "title": "Abdullah Atta's Notebook",
        "children": [
          {
            "title": "designs",
            "children": []
          }
        ]
      }
    ],
    "attachments": [],
    "content": {
      "data": "\n<div>\n <ul class=\"checklist\"><li>Hehele</li><li>E</li><li>Ee</li><li>E</li><li>Ee</li><li>E</li><li>E</li><li>djskdjvds</li></ul>\n\n</div>\n",
      "type": "html"
    }
  },
  {
    "title": "The artist song viewâ€¦.",
    "dateCreated": 1503825836000,
    "dateEdited": 1646306171000,
    "tags": [],
    "notebooks": [
      {
        "title": "Abdullah Atta's Notebook",
        "children": [
          {
            "title": "designs",
            "children": []
          }
        ]
      }
    ],
    "attachments": [],
    "content": {
      "data": "\n<div>\n <p>The artist song view&#x2026;.</p>\n</div>\n\n<div>\n <p><span style=\"font-size:36pt\">Justin Bieber</span></p>\n <p><span style=\"font-size:12pt\">Born 19 December 1996</span></p>\n</div>\n<div>\n <p>Justin Drew Bieber (born March 1, 1994) is a Canadian\n  pop musician, actor, and singer-songwriter. Bieber was\n  discovered in 2008 by American talent manager Scooter\n  Braun, who came across Bieber&apos;s videos on YouTube and\n  later became his manager. Braun arranged for him to meet\n  with entertainer Usher Raymond in Atlanta, Georgia. Bieber\n  was signed to Raymond Braun Media Group (RBMG), and then\n  to an Island Records recording contract offered by record\n  executive L.A. Reid.</p>\n <p>His debut extended play, the seven-track My World, was\n  released in November 2009, and was certified platinum in\n  the United States. He became the first artist to have\n  seven songs from a debut record to&#x2026;</p>\n</div>\n<div>\n <p><span style=\"font-size:22pt\">Breads</span></p>\n</div>\n<div>\n <p><span style=\"font-size:22pt\">Toasts</span></p>\n</div>\n\n<div>\n <p>Purpose</p>\n</div>\n<div>\n <p>Purpose</p>\n</div>\n<div>\n <p>Purpose</p>\n</div>\n",
      "type": "html"
    }
  },
  {
    "title": "HEHE",
    "dateCreated": 1509217846000,
    "dateEdited": 1646305881000,
    "tags": [],
    "notebooks": [
      {
        "title": "Abdullah Atta's Notebook",
        "children": [
          {
            "title": "designs",
            "children": []
          }
        ]
      }
    ],
    "attachments": [],
    "content": {
      "data": "\n\n<div>\n <p>HEHE</p>\n</div>\n",
      "type": "html"
    }
  },
  {
    "title": "Test page",
    "dateCreated": 1503825832034,
    "dateEdited": 1646305801000,
    "tags": [],
    "notebooks": [
      {
        "title": "Abdullah Atta's Notebook",
        "children": [
          {
            "title": "designs",
            "children": []
          }
        ]
      }
    ],
    "attachments": [],
    "content": {
      "data": "\n<div>\n <p>This is a test page!</p>\n</div>\n",
      "type": "html"
    }
  },
  {
    "title": "I am a new page",
    "dateCreated": 1644389977000,
    "dateEdited": 1644389985000,
    "tags": [],
    "notebooks": [
      {
        "title": "Abdullah Atta's Notebook",
        "children": [
          {
            "title": "Gone",
            "children": []
          }
        ]
      }
    ],
    "attachments": [
      {
        "size": 24980,
        "hash": "143cb627a11969bc",
        "filename": "143cb627a11969bc",
        "hashType": "xxh64",
        "mime": "image/png",
        "width": 480,
        "height": 133
      }
    ],
    "content": {
      "data": "\n<div>\n <p>Can you believe this?</p>\n <img class=\"attachment\" data-filename=\"143cb627a11969bc\"\n  data-size=\"24980\" data-hash=\"143cb627a11969bc\"\n  data-mime=\"image/png\" width=\"480\" height=\"133\"\n  alt=\"143cb627a11969bc\">\n <br>\n\n <ol>\n  <li><span>I am a list of </span></li>\n  <li><p>Items</p>\n   <ol>\n    <li><span data-tag=\"password\">Anotehr one</span></li>\n    <li><p>ANd another one</p>\n     <ol>\n      <li><span>And another one</span></li>\n     </ol>\n    </li>\n   </ol>\n  </li>\n </ol>\n <br>\n <ul class=\"checklist\"><li>Kjavdjskjv</li><li>Skdajvbjk</li><li\n   class=\"checked\">Dskvjbsad</li><li class=\"checked\">Sdkjavbkjdsa</li><li>Dsjvakbkadvs</li><li>Sdvjnjds</li><li>Dvkjsa</li><li\n   class=\"checked\">Askdjvsdav</li><li>Dsajkvdsajv</li><li>dksjvasjkdv</li></ul>\n\n <br>\n <p lang=\"en-US\" data-tag=\"important\"\n  style=\"margin-top:0pt;margin-bottom:0pt\">Kjdsvbasdjvbajdbvkajdbvkajsbdv</p>\n <br>\n <p data-tag=\"question\">This is a question!</p>\n <br>\n <p data-tag=\"highlight\">Kjbjkvsadv kdsaj kjds akvjds avsda</p>\n <br>\n <p data-tag=\"password\">Vjkadsvkjddsa jkv dsav</p>\n <br>\n <p data-tag=\"phone-number\">Kjvbdskjavajsdv</p>\n <br>\n <p data-tag=\"remember-for-blog\">Fjkdav as</p>\n <br>\n <p data-tag=\"web-site-to-visit\">Dkjvabkjbajvaskjdbvdsa</p>\n <br>\n <p data-tag=\"send-in-email\">Dsjvbjaskdvjsadbkvjabjdkvbasjdv</p>\n <br>\n <table>\n  <tr>\n   <td><span>kdbkv</span></td>\n   <td><span>dhbvjksadb</span></td>\n   <td><span>jkdbvjkdsa</span></td>\n   <td><span>kdjvbsajkd</span></td>\n  </tr>\n  <tr>\n   <td><span>dsdsvajkdb</span></td>\n   <td><span>kdjbvkdsajb</span></td>\n   <td><span>kdjvbsajk</span></td>\n   <td><span>kavjdks</span></td>\n  </tr>\n  <tr>\n   <td><span>dkjvbds</span></td>\n   <td><span>dsvkjbdsa</span></td>\n   <td><span>dsvjkavb</span></td>\n   <td><span>Dvskb</span></td>\n  </tr>\n  <tr>\n   <td><br>\n   </td>\n   <td><br>\n   </td>\n   <td><br>\n   </td>\n   <td><br>\n   </td>\n  </tr>\n  <tr>\n   <td><br>\n   </td>\n   <td><br>\n   </td>\n   <td><br>\n   </td>\n   <td><br>\n   </td>\n  </tr>\n </table>\n <br>\n <br>\n</div>\n",
      "type": "html"
    }
  },
  {
    "title": "BreadPlayer v2.0 with a new Redstone 3 Design",
    "dateCreated": 1504093458000,
    "dateEdited": 1646306148000,
    "tags": [],
    "notebooks": [
      {
        "title": "Abdullah Atta's Notebook",
        "children": [
          {
            "title": "Quick Notes",
            "children": []
          }
        ]
      }
    ],
    "attachments": [],
    "content": {
      "data": "\n<div>\n <p>BreadPlayer v2.0 with a new Redstone 3 Design <a\n   href=\"http://appraisin.com/article/23969/breadplayer-v20-with-a-new-redstone-3-design\">http://appraisin.com/article/23969/breadplayer-v20-with-a-new-redstone-3-design</a>\n  via @AppRaisinHQ</p>\n</div>\n<div>\n <p>I am going to protect this one.</p>\n</div>\n",
      "type": "html"
    }
  },
  {
    "title": "HEHE!",
    "dateCreated": 1644407332000,
    "dateEdited": 1644407343000,
    "tags": [],
    "notebooks": [
      {
        "title": "Abdullah Atta's Notebook",
        "children": [
          {
            "title": "Quick Notes",
            "children": []
          }
        ]
      }
    ],
    "attachments": [],
    "content": {
      "data": "\n<div>\n <p>WHWHWH</p>\n</div>\n",
      "type": "html"
    }
  },
  {
    "title": "Untitled note",
    "dateCreated": 1503825744000,
    "dateEdited": 1503825825000,
    "tags": [],
    "notebooks": [
      {
        "title": "Abdullah Atta's Notebook",
        "children": [
          {
            "title": "Quick Notes",
            "children": []
          }
        ]
      }
    ],
    "attachments": [],
    "content": {
      "data": "\n<div>\n <p>Going to get it! Eh? Nevermind</p>\n <br>\n</div>\n",
      "type": "html"
    }
  },
  {
    "title": "Untitled note",
    "dateCreated": 1644407192000,
    "dateEdited": 1644407192000,
    "tags": [],
    "notebooks": [
      {
        "title": "My notebook",
        "children": [
          {
            "title": "Quick Notes",
            "children": []
          }
        ]
      }
    ],
    "attachments": [],
    "content": {
      "data": "",
      "type": "html"
    }
  },
  {
    "title": "Untitled note",
    "dateCreated": 1644389822000,
    "dateEdited": 1644389822000,
    "tags": [],
    "notebooks": [
      {
        "title": "TestNotebook",
        "children": [
          {
            "title": "AHAHA",
            "children": []
          }
        ]
      }
    ],
    "attachments": [],
    "content": {
      "data": "",
      "type": "html"
    }
  },
  {
    "title": "Untitled note",
    "dateCreated": 1644389808000,
    "dateEdited": 1644389808000,
    "tags": [],
    "notebooks": [
      {
        "title": "TestNotebook",
        "children": [
          {
            "title": "New Section",
            "children": []
          }
        ]
      }
    ],
    "attachments": [],
    "content": {
      "data": "",
      "type": "html"
    }
  },
  {
    "title": "Get me my notebook!",
    "dateCreated": 1644389593000,
    "dateEdited": 1644389607000,
    "tags": [],
    "notebooks": [
      {
        "title": "TestNotebook",
        "children": [
          {
            "title": "Section1",
            "children": []
          }
        ]
      }
    ],
    "attachments": [],
    "content": {
      "data": "\n<div>\n <p>I am talking about myself. Not you.</p>\n</div>\n",
      "type": "html"
    }
  }
]