[
  "07857cd03a5f330f65cd547002055cee/note.json",
  "7b7f5ccd69a7537d614900017526196d/note.json",
  "19eb5d5d382aae8d2f2e7b09089395d5/note.json",
  "cd77270227f747bd972bfad30340c25d/note.json",
  "2b993f9efacd00dbe3b894c35f3b628a/note.json",
  "b691045dc442a408956e3bcc5fa1be7e/note.json",
  "d5fc501ae12d435e88ffc433d8958afc/note.json",
  "2cec85ba743b6e51afbe2ba008348fe9/note.json",
  "f1e175706bd34fe94efdb668c1e24a5c/note.json",
  "metadata.json"
]