[
  "b4fede699a95751e239aecca0f9261c2/attachments/2291988674ad6ac6",
  "b4fede699a95751e239aecca0f9261c2/note.json",
  "0884b4a40237c0e1b7e6e1ba7163dec0/note.json"
]