[
  "5d75630b550289c26304dd3865ef4c15/note.json",
  "d4f685f6c84a01bef2e04990aabfc7ee/note.json",
  "f3c1dee6d677bfc09c56f9f1b9f0c39b/note.json",
  "baf68645a898339787010bea194c5a86/note.json",
  "7d0aeca89f658cd3035f6aa7e7ec04ae/note.json",
  "ba562d9dedae95e507c2e36b7912c444/note.json",
  "a31a4a07854b8bf6ce3d44490f2b2fbb/note.json",
  "e2c924fcb1867880fca70e2300326582/note.json",
  "3da145d240ba71bcb0bd9302ef094ee7/note.json",
  "5b8f5281d8b3c1b9287f0bb53d531c97/note.json",
  "f6cfd1e939f7af139f16916f75ddbb0e/note.json",
  "230f726adbccd790c26d21febd4275a1/note.json",
  "3971c0a7e714b9fa8325d3b185c117af/note.json",
  "43ff77569135f0e01c8b02f8ca13578e/note.json",
  "e8e1f64340bd29134590962ec1f8b0ea/note.json",
  "bac76a91aad77c5b3a137367397e8b3f/note.json",
  "95917169a2fa45031f092f5182d33503/note.json",
  "e45dbd1a01266b47ff48be2b4d5ae4f2/note.json",
  "ac49dc1d4e3dde2299b5c6d469598ba0/note.json",
  "33c5a0a17cf5d1b31d764f95f4814dd7/note.json",
  "cf55b0714ec271216f7cb2e914fbb4a4/note.json",
  "cf303d0e36cf42b09446dabd1705e6d3/note.json",
  "a2cf15c1283fda1c4f7c1ef86486fe73/note.json",
  "15ab7dc4d75055e51b3c0c5e0112add8/note.json",
  "6835dcdb4ff03ebed508f2aa84ef749d/note.json",
  "a1d7e11b0b5a342ce97facd1804d0798/note.json",
  "b07be9aa9221b69da37f9bedda655ec7/note.json",
  "6aca16e37230ba43463bd81029ad394a/note.json",
  "32299082f53dae084f6625d6f8a4cbf9/note.json",
  "c556c8edd58dbbadaf67bf127d1e1844/note.json",
  "1e89136d199dc64c7c9268999623ce17/note.json",
  "70bf2de339afcf6c7cb8f4ad67f45cad/note.json",
  "9bb6a2b48317f56729486111e0657e81/note.json",
  "ae9f91b94e9e562911032cd79f76e6f2/note.json",
  "a53801d332582f526ed0765e18afc85b/note.json",
  "413a17aa76e7a186c4defe5834bc59ad/note.json",
  "c7bcfda4db323d70b9933093b7878897/note.json",
  "4cd1c286db9c0eb97bb03d38905b3f0d/note.json",
  "5d3a74d182f35c962d94c07ee33a0321/note.json",
  "92a70b9d94226b9bdb3c86ec1ab8d9df/note.json",
  "4a0d6a9fe137a38bf9504bbcc495650c/note.json",
  "7a6778485c7465110f57e1be84a9b703/note.json",
  "a2e5a1cabe48fa74e74f4b2e6a9933e2/note.json",
  "4979f2a7c1fe90bf276f5b03fc26659a/note.json",
  "94f6b35dd1ef6f414c29c3f120d8d57f/note.json",
  "9b1e04f922233242784cce95bf903feb/note.json",
  "84d91e0557d1e4d2ea3ba3f534284a7a/note.json",
  "1c92a31e919e5e1f106540d7a01e31d2/note.json",
  "2e5412c11d0fc2eddd21e190c246ad86/note.json",
  "f3445eb44fdaa8ae0f5b12dcf7d5450f/note.json",
  "9ed7267f402b9012f31630924e78c642/note.json",
  "c1f73e44ae9058e27b6aa68c95caa0c0/note.json",
  "4903134e3a9470a1823fc9fa2450525d/note.json",
  "775955500b0f305081ee4f78a9c89dc7/note.json",
  "ef01720db4205206bb3feb6c94a332ee/note.json",
  "ca7880755bb521fce7809be8129786b9/note.json",
  "a499fe1440b6c7c433e2bff4e26b8dce/note.json",
  "a3ac28d2c26d3e757b98af96f2877afb/note.json",
  "09b064f2449faf2566b80e2a23b43fbd/note.json",
  "0b54637096db9a954232761b9e5b5b88/note.json",
  "bd462f3d3063c67a34db534639109d90/note.json",
  "86e670522bb82a3492a9b78948bf9f1d/note.json",
  "113339a1e36da76c5bef27b688392af8/note.json",
  "0344053e7652436f6a3bc0b8440abdb7/note.json",
  "9c373a2b3d66c4e1014821e323093305/note.json",
  "1a8af5681d4b680a62227f4f80960dfd/note.json",
  "210c30b0f56cabe468b471bf23006d34/note.json",
  "73ec71b76da73057a6f29b378f608ad6/note.json",
  "821930d13d5b866143bb6d9c556e3b81/note.json",
  "0ad409a97aaa754d73dd75a3822a113e/note.json",
  "metadata.json"
]