[
  "e82752689afd9e77dce8031ac0a83a24/attachments/cba0ce7401c5c9bd",
  "e82752689afd9e77dce8031ac0a83a24/note.json",
  "07c5d4a1d9f9277cdb437ba99634d6b7/attachments/cba0ce7401c5c9bd",
  "07c5d4a1d9f9277cdb437ba99634d6b7/note.json"
]