[
  "b24a1996e430d2cd702cb41369b08632/note.json",
  "9d5a5c87850e094b74cca67f604bbb12/note.json",
  "f84225c668fa67f4ec5225af4a4cc029/note.json",
  "8c80f4274df17628f4164367a0b3be80/note.json",
  "1d321ee66ccada906e9c2b48403c6a0e/note.json",
  "2338847fdf2f39095a8ff483191d8815/note.json",
  "1f0d65c5f2a8b909f103291358e72deb/note.json",
  "b63af4da2fddba51cffe18fa1184d374/note.json",
  "78967fc561cacd48be66807d30bb7cce/note.json"
]