[
  "d4cfc18a5fe272f63db407d7f435b0bb/attachments/8c79b0136203feeb",
  "d4cfc18a5fe272f63db407d7f435b0bb/note.json",
  "da5aea3cdb8dbd5563b3c5ba4ba57382/note.json",
  "f6ab0d6bda7976ce9b71f703e82f5abc/attachments/627c96468ecad212",
  "f6ab0d6bda7976ce9b71f703e82f5abc/note.json",
  "90e027c1ef61756427022b8fb035dd64/attachments/e3d1b42bc20257d9",
  "90e027c1ef61756427022b8fb035dd64/note.json",
  "cdbc39b09fe633871bae24a89fff89c1/attachments/4abc8eb4636eb88",
  "cdbc39b09fe633871bae24a89fff89c1/note.json"
]