[
  {
    "title": "Mine",
    "tags": [
      "hel",
      "hello",
      "min",
      "world"
    ],
    "dateCreated": 1646155134000,
    "dateEdited": 1646224853000,
    "attachments": [
      {
        "filename": "w3e49b3f0960199cc4d6eaf6a6a58f87f03c5.jpeg",
        "size": 45038,
        "hash": "8c79b0136203feeb",
        "hashType": "xxh64",
        "mime": "image/jpeg",
        "width": 2384,
        "height": 3356
      }
    ],
    "notebooks": [],
    "content": {
      "data": "<div><div><div><div>I am a note and I am going to work!<br /></div><ul\n    class=\"checklist\"> <li>and this is awesome<br /></li><li\n     class=\"checked\">i am trying out this amazing thing<br /></li><li>and\n     i &#xa0;<a class=\"zn-link editor-note-link\"\n      href=\"zohonotebook://notes/w3e49a7f848951cde4c7d9223941624ceabde\"\n      target=\"_blank\">don&apos;t care</a>&#xa0;<br /></li><li>svda<br /></li><li>hh<br /></li>\n   </ul><div>#hello&#xa0;#world&#xa0;#mine<br /></div><div><br /></div><div><div><img\n      class=\"attachment\"\n      data-filename=\"w3e49b3f0960199cc4d6eaf6a6a58f87f03c5.jpeg\"\n      data-size=\"45038\" data-hash=\"8c79b0136203feeb\"\n      data-mime=\"image/jpeg\" width=\"2384\" height=\"3356\"\n      alt=\"w3e49b3f0960199cc4d6eaf6a6a58f87f03c5.jpeg\" /></div><div>&#xa0;<br /></div></div><div><br /></div><div><br /></div><div><div><br /></div><table\n     border=\"1\" cellpadding=\"4\" cellspacing=\"2\"\n     class=\"ze_tableView\"><tbody><tr><td><div>What<br /></div></td><td><div>A\n         tabel<br /></div></td><td><div>kdsbajbks<br /></div></td><td><div>kdsjvbads<br /></div></td></tr><tr><td><div><br /></div></td><td><div><br /></div></td><td><div><br /></div></td><td><div><br /></div></td></tr></tbody></table><div><br /></div><pre>i am a code block!<br/></pre><div><hr /><br /></div></div><blockquote><div>and\n     i am a quote<br /></div></blockquote><div><br /></div><ul><li>sdjkbvsa<br /></li><li>vsadv<br /></li><li>savsajdkvadsv<br /></li><ul><li>jkdvbsadj<br /></li><ul><li>dva<br /></li></ul></ul></ul></div><div><br /></div></div><div><br /></div></div>",
      "type": "html"
    }
  },
  {
    "title": "ChECKLi",
    "tags": [],
    "dateCreated": 1646155360000,
    "dateEdited": 1646155379000,
    "attachments": [],
    "notebooks": [],
    "content": {
      "data": "<ul class=\"checklist\"> <li>i ama list</li><li>i amadsn</li><li>adsvd</li><li>jadavs</li><li>vsa</li><li>dv</li><li>sa</li><li>vsda</li>\n</ul>",
      "type": "html"
    }
  },
  {
    "title": "Untitled",
    "tags": [],
    "dateCreated": 1646155391000,
    "dateEdited": 1646155432000,
    "attachments": [
      {
        "filename": "w3e49d256cdbd33cc415a831fbe2c96bbe2d3.jpeg",
        "size": 17503,
        "hash": "627c96468ecad212",
        "hashType": "xxh64",
        "mime": "image/png",
        "width": 1024,
        "height": 1024
      }
    ],
    "notebooks": [],
    "content": {
      "data": "<img class=\"attachment\"\n data-filename=\"w3e49d256cdbd33cc415a831fbe2c96bbe2d3.jpeg\"\n data-size=\"17503\" data-hash=\"627c96468ecad212\"\n data-mime=\"image/png\" width=\"1024\" height=\"1024\"\n alt=\"w3e49d256cdbd33cc415a831fbe2c96bbe2d3.jpeg\" />",
      "type": "html"
    }
  },
  {
    "title": "Untitled",
    "tags": [],
    "dateCreated": 1646155409000,
    "dateEdited": 1646155444000,
    "attachments": [
      {
        "filename": "w3e4976475cb14d794289b80790aed3b8293c.jpeg",
        "size": 114618,
        "hash": "e3d1b42bc20257d9",
        "hashType": "xxh64",
        "mime": "image/jpeg",
        "width": 682,
        "height": 1024
      }
    ],
    "notebooks": [],
    "content": {
      "data": "<img class=\"attachment\"\n data-filename=\"w3e4976475cb14d794289b80790aed3b8293c.jpeg\"\n data-size=\"114618\" data-hash=\"e3d1b42bc20257d9\"\n data-mime=\"image/jpeg\" width=\"682\" height=\"1024\"\n alt=\"w3e4976475cb14d794289b80790aed3b8293c.jpeg\" />",
      "type": "html"
    }
  },
  {
    "title": "AISI",
    "tags": [],
    "dateCreated": 1646155475000,
    "dateEdited": 1646155476000,
    "attachments": [
      {
        "filename": "w3e49e90510d2d1884149bb9c5fd44852b1a2.png",
        "size": 53431,
        "hash": "4abc8eb4636eb88",
        "hashType": "xxh64",
        "mime": "image/png"
      }
    ],
    "notebooks": [],
    "content": {
      "data": "<img class=\"attachment\"\n data-filename=\"w3e49e90510d2d1884149bb9c5fd44852b1a2.png\"\n data-size=\"53431\" data-hash=\"4abc8eb4636eb88\"\n data-mime=\"image/png\"\n alt=\"w3e49e90510d2d1884149bb9c5fd44852b1a2.png\" />",
      "type": "html"
    }
  }
]